plugin_register commands/term_similar
[[0,0.0,0.0],true]
table_create Tags TABLE_PAT_KEY ShortText UInt32
[[0,0.0,0.0],true]
table_create Memos TABLE_HASH_KEY ShortText
[[0,0.0,0.0],true]
column_create Memos tags COLUMN_VECTOR Tags
[[0,0.0,0.0],true]
load --table Memos
[
{"_key": "Nroonga", "tags": ["NodeJS", "Nroonga", "Databaso"]},
{"_key": "MySQL", "tags": ["MySQL", "Databaso"]},
{"_key": "PGroonga", "tags": ["PostgreSQL", "Groonga", "Database"]},
{"_key": "Groonga", "tags": ["Groonga", "Database"]},
{"_key": "Rroonga", "tags": ["Rroonga", "Database"]},
{"_key": "Mroonga", "tags": ["MySQL", "Mroonga", "Database"]},
{"_key": "Droonga", "tags": ["Dag", "Database"]},
{"_key": "PostgreSQL", "tags": ["PostgreSQL", "Databas"]}
]
[[0,0.0,0.0],8]
select Tags --filter 'term_similar(_key,"Tags")' --output_columns '_key,term_similar(_key,"Tags")' --command_version 2
[
  [
    0,
    0.0,
    0.0
  ],
  [
    [
      [
        3
      ],
      [
        [
          "_key",
          "ShortText"
        ],
        [
          "term_similar",
          "Object"
        ]
      ],
      [
        "Databas",
        "Database"
      ],
      [
        "Database",
        "Databas"
      ],
      [
        "Databaso",
        "Database"
      ]
    ]
  ]
]
