plugin_register commands/term_similar
[[0,0.0,0.0],true]
table_create Tags TABLE_PAT_KEY ShortText UInt32
[[0,0.0,0.0],true]
load --table Tags
[
{"_key": "Groonga"}
]
[[0,0.0,0.0],1]
select Tags --output_columns 'edit_distance_bp("Base", "Basee")' --limit 1 --command_version 2
[[0,0.0,0.0],[[[1],[["edit_distance_bp","Object"]],[1.0]]]]
