plugin_register commands/term_similar
[[0,0.0,0.0],true]
table_create Tags TABLE_PAT_KEY ShortText UInt32
[[0,0.0,0.0],true]
load --table Tags
[
{"_key": "Groonga"}
]
[[0,0.0,0.0],1]
select Tags --output_columns 'keyboard_distance("Base", "Baes")' --limit 1 --command_version 2
[[0,0.0,0.0],[[[1],[["keyboard_distance","Object"]],[10.0]]]]
